
aryan@LAPTOP-SQJE39HL MINGW64 /d/PROGRAM MAKING/oopgithub
$ code .

aryan@LAPTOP-SQJE39HL MINGW64 /d/PROGRAM MAKING/oopgithub
$ git init
Initialized empty Git repository in D:/PROGRAM MAKING/oopgithub/.git/

aryan@LAPTOP-SQJE39HL MINGW64 /d/PROGRAM MAKING/oopgithub (master)
$ ls -lart
total 8
drwxr-xr-x 1 aryan 197609 0 Jun  9 10:57 ../
drwxr-xr-x 1 aryan 197609 0 Jun  9 11:22 ./
drwxr-xr-x 1 aryan 197609 0 Jun  9 11:22 .git/

aryan@LAPTOP-SQJE39HL MINGW64 /d/PROGRAM MAKING/oopgithub (master)
$ git status
On branch master

No commits yet

Untracked files:
  (use "git add <file>..." to include in what will be committed)
        firstfile.cpp

nothing added to commit but untracked files present (use "git add" to track)

aryan@LAPTOP-SQJE39HL MINGW64 /d/PROGRAM MAKING/oopgithub (master)
$ git add firstfile.cpp

aryan@LAPTOP-SQJE39HL MINGW64 /d/PROGRAM MAKING/oopgithub (master)
$ git status
On branch master

No commits yet

Changes to be committed:
  (use "git rm --cached <file>..." to unstage)
        new file:   firstfile.cpp


aryan@LAPTOP-SQJE39HL MINGW64 /d/PROGRAM MAKING/oopgithub (master)
$ git commit
[master (root-commit) 9cdd7d5] Initial commit O[O
 1 file changed, 8 insertions(+)
 create mode 100644 firstfile.cpp

aryan@LAPTOP-SQJE39HL MINGW64 /d/PROGRAM MAKING/oopgithub (master)
$ git status
On branch master
nothing to commit, working tree clean

aryan@LAPTOP-SQJE39HL MINGW64 /d/PROGRAM MAKING/oopgithub (master)
$ touch secondfile.cpp

aryan@LAPTOP-SQJE39HL MINGW64 /d/PROGRAM MAKING/oopgithub (master)
$ touch third file.cpp

aryan@LAPTOP-SQJE39HL MINGW64 /d/PROGRAM MAKING/oopgithub (master)
$ git status
On branch master
Untracked files:
  (use "git add <file>..." to include in what will be committed)
        file.cpp
        secondfile.cpp
        third

nothing added to commit but untracked files present (use "git add" to track)

aryan@LAPTOP-SQJE39HL MINGW64 /d/PROGRAM MAKING/oopgithub (master)
$ git add -A

aryan@LAPTOP-SQJE39HL MINGW64 /d/PROGRAM MAKING/oopgithub (master)
$ git status
On branch master
Changes to be committed:
  (use "git restore --staged <file>..." to unstage)
        new file:   file.cpp
        new file:   secondfile.cpp
        new file:   third


aryan@LAPTOP-SQJE39HL MINGW64 /d/PROGRAM MAKING/oopgithub (master)
$ git commit
[master e749214] second snapshot
 3 files changed, 0 insertions(+), 0 deletions(-)
 create mode 100644 file.cpp
 create mode 100644 secondfile.cpp
 create mode 100644 third

aryan@LAPTOP-SQJE39HL MINGW64 /d/PROGRAM MAKING/oopgithub (master)
$ touch fourfile.cpp

aryan@LAPTOP-SQJE39HL MINGW64 /d/PROGRAM MAKING/oopgithub (master)
$ git add
Nothing specified, nothing added.
hint: Maybe you wanted to say 'git add .'?
hint: Turn this message off by running
hint: "git config advice.addEmptyPathspec false"

aryan@LAPTOP-SQJE39HL MINGW64 /d/PROGRAM MAKING/oopgithub (master)
$ git add fourfile.cpp

aryan@LAPTOP-SQJE39HL MINGW64 /d/PROGRAM MAKING/oopgithub (master)
$ git status
On branch master
Changes to be committed:
  (use "git restore --staged <file>..." to unstage)
        new file:   fourfile.cpp


aryan@LAPTOP-SQJE39HL MINGW64 /d/PROGRAM MAKING/oopgithub (master)
$ git status
On branch master
Changes to be committed:
  (use "git restore --staged <file>..." to unstage)
        new file:   fourfile.cpp

Changes not staged for commit:
  (use "git add <file>..." to update what will be committed)
  (use "git restore <file>..." to discard changes in working directory)
        modified:   fourfile.cpp

Untracked files:
  (use "git add <file>..." to include in what will be committed)
        .vscode/


aryan@LAPTOP-SQJE39HL MINGW64 /d/PROGRAM MAKING/oopgithub (master)
$ git add fourfile.cpp

aryan@LAPTOP-SQJE39HL MINGW64 /d/PROGRAM MAKING/oopgithub (master)
$ git status
On branch master
Changes to be committed:
  (use "git restore --staged <file>..." to unstage)
        new file:   fourfile.cpp

Untracked files:
  (use "git add <file>..." to include in what will be committed)
        .vscode/


aryan@LAPTOP-SQJE39HL MINGW64 /d/PROGRAM MAKING/oopgithub (master)
$ git commit -m "nayi files add ki hai"
[master 3ef8e29] nayi files add ki hai
 1 file changed, 9 insertions(+)
 create mode 100644 fourfile.cpp

aryan@LAPTOP-SQJE39HL MINGW64 /d/PROGRAM MAKING/oopgithub (master)
$ git status
On branch master
Untracked files:
  (use "git add <file>..." to include in what will be committed)
        .vscode/

nothing added to commit but untracked files present (use "git add" to track)

aryan@LAPTOP-SQJE39HL MINGW64 /d/PROGRAM MAKING/oopgithub (master)
$
